// Jest Snapshot v1, https://goo.gl/fbAQLP

exports[`Not found page testing Does not found match the snapshot 1`] = `
Object {
  "asFragment": [Function],
  "baseElement": <body>
    <div>
      <div
        class="not__found"
      >
        <h2>
          404
        </h2>
        <p>
          Page not found
        </p>
        <a
          class="back__home"
          href="/"
        >
          <svg
            class="back__icon"
            fill="currentColor"
            height="1em"
            stroke="currentColor"
            stroke-width="0"
            viewBox="0 0 512 512"
            width="1em"
            xmlns="http://www.w3.org/2000/svg"
          >
            <path
              d="M216.4 163.7c5.1 5 5.1 13.3.1 18.4L155.8 243h231.3c7.1 0 12.9 5.8 12.9 13s-5.8 13-12.9 13H155.8l60.8 60.9c5 5.1 4.9 13.3-.1 18.4-5.1 5-13.2 5-18.3-.1l-82.4-83c-1.1-1.2-2-2.5-2.7-4.1-.7-1.6-1-3.3-1-5 0-3.4 1.3-6.6 3.7-9.1l82.4-83c4.9-5.2 13.1-5.3 18.2-.3z"
            />
          </svg>
          <span>
            Back to Home
          </span>
        </a>
      </div>
    </div>
  </body>,
  "container": <div>
    <div
      class="not__found"
    >
      <h2>
        404
      </h2>
      <p>
        Page not found
      </p>
      <a
        class="back__home"
        href="/"
      >
        <svg
          class="back__icon"
          fill="currentColor"
          height="1em"
          stroke="currentColor"
          stroke-width="0"
          viewBox="0 0 512 512"
          width="1em"
          xmlns="http://www.w3.org/2000/svg"
        >
          <path
            d="M216.4 163.7c5.1 5 5.1 13.3.1 18.4L155.8 243h231.3c7.1 0 12.9 5.8 12.9 13s-5.8 13-12.9 13H155.8l60.8 60.9c5 5.1 4.9 13.3-.1 18.4-5.1 5-13.2 5-18.3-.1l-82.4-83c-1.1-1.2-2-2.5-2.7-4.1-.7-1.6-1-3.3-1-5 0-3.4 1.3-6.6 3.7-9.1l82.4-83c4.9-5.2 13.1-5.3 18.2-.3z"
          />
        </svg>
        <span>
          Back to Home
        </span>
      </a>
    </div>
  </div>,
  "debug": [Function],
  "findAllByAltText": [Function],
  "findAllByDisplayValue": [Function],
  "findAllByLabelText": [Function],
  "findAllByPlaceholderText": [Function],
  "findAllByRole": [Function],
  "findAllByTestId": [Function],
  "findAllByText": [Function],
  "findAllByTitle": [Function],
  "findByAltText": [Function],
  "findByDisplayValue": [Function],
  "findByLabelText": [Function],
  "findByPlaceholderText": [Function],
  "findByRole": [Function],
  "findByTestId": [Function],
  "findByText": [Function],
  "findByTitle": [Function],
  "getAllByAltText": [Function],
  "getAllByDisplayValue": [Function],
  "getAllByLabelText": [Function],
  "getAllByPlaceholderText": [Function],
  "getAllByRole": [Function],
  "getAllByTestId": [Function],
  "getAllByText": [Function],
  "getAllByTitle": [Function],
  "getByAltText": [Function],
  "getByDisplayValue": [Function],
  "getByLabelText": [Function],
  "getByPlaceholderText": [Function],
  "getByRole": [Function],
  "getByTestId": [Function],
  "getByText": [Function],
  "getByTitle": [Function],
  "queryAllByAltText": [Function],
  "queryAllByDisplayValue": [Function],
  "queryAllByLabelText": [Function],
  "queryAllByPlaceholderText": [Function],
  "queryAllByRole": [Function],
  "queryAllByTestId": [Function],
  "queryAllByText": [Function],
  "queryAllByTitle": [Function],
  "queryByAltText": [Function],
  "queryByDisplayValue": [Function],
  "queryByLabelText": [Function],
  "queryByPlaceholderText": [Function],
  "queryByRole": [Function],
  "queryByTestId": [Function],
  "queryByText": [Function],
  "queryByTitle": [Function],
  "rerender": [Function],
  "unmount": [Function],
}
`;
